WARNING:2026-06-17 01:43:35,407:Detected megatron.core 0.14.0rc7, recommend upgrading to >= 0.14.0 for better checkpoint compatibility
2026-06-17 01:43:45,428	INFO worker.py:1942 -- Started a local Ray instance. View the dashboard at [1m[32mhttp://127.0.0.1:8265 [39m[22m
[36m(pid=9431)[0m W0617 01:44:06.848000 9431 torch/utils/cpp_extension.py:118] No CUDA runtime is found, using CUDA_HOME='/usr/local/cuda'
[36m(pid=9431)[0m WARNING:2026-06-17 01:44:07,072:Detected megatron.core 0.14.0rc7, recommend upgrading to >= 0.14.0 for better checkpoint compatibility
ray init kwargs: {'num_cpus': None, 'runtime_env': {'env_vars': {'NCCL_DEBUG': 'WARN', 'VLLM_LOGGING_LEVEL': 'WARN', 'VLLM_ALLOW_RUNTIME_LORA_UPDATING': 'true', 'CUDA_DEVICE_MAX_CONNECTIONS': '1', 'VLLM_DISABLE_COMPILE_CACHE': '1', 'HCCL_HOST_SOCKET_PORT_RANGE': 'auto', 'HCCL_NPU_SOCKET_PORT_RANGE': 'auto', 'HSA_NO_SCRATCH_RECLAIM': '1'}, 'working_dir': None}}
[36m(TaskRunner pid=9431)[0m TaskRunner hostname: g62, PID: 9431
[36m(TaskRunner pid=9431)[0m {'actor_rollout_ref': {'actor': {'_target_': 'verl.workers.config.FSDPActorConfig',
[36m(TaskRunner pid=9431)[0m                                  'calculate_entropy': False,
[36m(TaskRunner pid=9431)[0m                                  'calculate_sum_pi_squared': False,
[36m(TaskRunner pid=9431)[0m                                  'checkpoint': {'_target_': 'verl.trainer.config.CheckpointConfig',
[36m(TaskRunner pid=9431)[0m                                                 'async_save': False,
[36m(TaskRunner pid=9431)[0m                                                 'load_contents': ['model',
[36m(TaskRunner pid=9431)[0m                                                                   'optimizer',
[36m(TaskRunner pid=9431)[0m                                                                   'extra'],
[36m(TaskRunner pid=9431)[0m                                                 'mbridge_config': {},
[36m(TaskRunner pid=9431)[0m                                                 'save_contents': ['model',
[36m(TaskRunner pid=9431)[0m                                                                   'optimizer',
[36m(TaskRunner pid=9431)[0m                                                                   'extra']},
[36m(TaskRunner pid=9431)[0m                                  'clip_ratio': 0.2,
[36m(TaskRunner pid=9431)[0m                                  'clip_ratio_c': 3.0,
[36m(TaskRunner pid=9431)[0m                                  'clip_ratio_high': 0.2,
[36m(TaskRunner pid=9431)[0m                                  'clip_ratio_low': 0.2,
[36m(TaskRunner pid=9431)[0m                                  'data_loader_seed': 42,
[36m(TaskRunner pid=9431)[0m                                  'entropy_checkpointing': False,
[36m(TaskRunner pid=9431)[0m                                  'entropy_coeff': 0.003,
[36m(TaskRunner pid=9431)[0m                                  'entropy_from_logits_with_chunking': False,
[36m(TaskRunner pid=9431)[0m                                  'freeze_vision_tower': False,
[36m(TaskRunner pid=9431)[0m                                  'fsdp_config': {'_target_': 'verl.workers.config.FSDPEngineConfig',
[36m(TaskRunner pid=9431)[0m                                                  'dtype': 'bfloat16',
[36m(TaskRunner pid=9431)[0m                                                  'entropy_checkpointing': False,
[36m(TaskRunner pid=9431)[0m                                                  'entropy_from_logits_with_chunking': False,
[36m(TaskRunner pid=9431)[0m                                                  'forward_only': False,
[36m(TaskRunner pid=9431)[0m                                                  'forward_prefetch': False,
[36m(TaskRunner pid=9431)[0m                                                  'fsdp_size': -1,
[36m(TaskRunner pid=9431)[0m                                                  'full_determinism': False,
[36m(TaskRunner pid=9431)[0m                                                  'model_dtype': 'fp32',
[36m(TaskRunner pid=9431)[0m                                                  'offload_policy': False,
[36m(TaskRunner pid=9431)[0m                                                  'optimizer_offload': False,
[36m(TaskRunner pid=9431)[0m                                                  'param_offload': False,
[36m(TaskRunner pid=9431)[0m                                                  'qat': {'_target_': 'verl.workers.config.QATEngineConfig',
[36m(TaskRunner pid=9431)[0m                                                          'activation_observer': 'static_minmax',
[36m(TaskRunner pid=9431)[0m                                                          'enable': False,
[36m(TaskRunner pid=9431)[0m                                                          'group_size': 16,
[36m(TaskRunner pid=9431)[0m                                                          'ignore_patterns': ['lm_head',
[36m(TaskRunner pid=9431)[0m                                                                              'embed_tokens',
[36m(TaskRunner pid=9431)[0m                                                                              're:.*mlp.gate$'],
[36m(TaskRunner pid=9431)[0m                                                          'mode': 'w4a16',
[36m(TaskRunner pid=9431)[0m                                                          'quantization_config_path': None},
[36m(TaskRunner pid=9431)[0m                                                  'reshard_after_forward': True,
[36m(TaskRunner pid=9431)[0m                                                  'seed': 42,
[36m(TaskRunner pid=9431)[0m                                                  'strategy': 'fsdp',
[36m(TaskRunner pid=9431)[0m                                                  'ulysses_sequence_parallel_size': 1,
[36m(TaskRunner pid=9431)[0m                                                  'use_orig_params': False,
[36m(TaskRunner pid=9431)[0m                                                  'use_torch_compile': True,
[36m(TaskRunner pid=9431)[0m                                                  'wrap_policy': {'min_num_params': 0}},
[36m(TaskRunner pid=9431)[0m                                  'grad_clip': 1.0,
[36m(TaskRunner pid=9431)[0m                                  'kl_loss_coef': 0.01,
[36m(TaskRunner pid=9431)[0m                                  'kl_loss_type': 'low_var_kl',
[36m(TaskRunner pid=9431)[0m                                  'loss_agg_mode': 'token-mean',
[36m(TaskRunner pid=9431)[0m                                  'loss_scale_factor': None,
[36m(TaskRunner pid=9431)[0m                                  'optim': {'_target_': 'verl.workers.config.FSDPOptimizerConfig',
[36m(TaskRunner pid=9431)[0m                                            'betas': [0.9, 0.999],
[36m(TaskRunner pid=9431)[0m                                            'clip_grad': 1.0,
[36m(TaskRunner pid=9431)[0m                                            'lr': 5e-07,
[36m(TaskRunner pid=9431)[0m                                            'lr_scheduler_type': 'cosine',
[36m(TaskRunner pid=9431)[0m                                            'lr_warmup_steps': -1,
[36m(TaskRunner pid=9431)[0m                                            'lr_warmup_steps_ratio': 0.05,
[36m(TaskRunner pid=9431)[0m                                            'min_lr_ratio': 0.1,
[36m(TaskRunner pid=9431)[0m                                            'num_cycles': 0.5,
[36m(TaskRunner pid=9431)[0m                                            'optimizer': 'AdamW',
[36m(TaskRunner pid=9431)[0m                                            'optimizer_impl': 'torch.optim',
[36m(TaskRunner pid=9431)[0m                                            'override_optimizer_config': None,
[36m(TaskRunner pid=9431)[0m                                            'total_training_steps': -1,
[36m(TaskRunner pid=9431)[0m                                            'warmup_style': None,
[36m(TaskRunner pid=9431)[0m                                            'weight_decay': 0.01,
[36m(TaskRunner pid=9431)[0m                                            'zero_indexed_step': True},
[36m(TaskRunner pid=9431)[0m                                  'policy_loss': {'_target_': 'verl.workers.config.PolicyLossConfig',
[36m(TaskRunner pid=9431)[0m                                                  'clip_cov_lb': 1.0,
[36m(TaskRunner pid=9431)[0m                                                  'clip_cov_ratio': 0.0002,
[36m(TaskRunner pid=9431)[0m                                                  'clip_cov_ub': 5.0,
[36m(TaskRunner pid=9431)[0m                                                  'kl_cov_ratio': 0.0002,
[36m(TaskRunner pid=9431)[0m                                                  'loss_mode': 'vanilla',
[36m(TaskRunner pid=9431)[0m                                                  'ppo_kl_coef': 0.1},
[36m(TaskRunner pid=9431)[0m                                  'ppo_epochs': 1,
[36m(TaskRunner pid=9431)[0m                                  'ppo_max_token_len_per_gpu': 32768,
[36m(TaskRunner pid=9431)[0m                                  'ppo_micro_batch_size': None,
[36m(TaskRunner pid=9431)[0m                                  'ppo_micro_batch_size_per_gpu': 2,
[36m(TaskRunner pid=9431)[0m                                  'ppo_mini_batch_size': 128,
[36m(TaskRunner pid=9431)[0m                                  'profiler': {'_target_': 'verl.utils.profiler.ProfilerConfig',
[36m(TaskRunner pid=9431)[0m                                               'all_ranks': False,
[36m(TaskRunner pid=9431)[0m                                               'enable': False,
[36m(TaskRunner pid=9431)[0m                                               'ranks': [],
[36m(TaskRunner pid=9431)[0m                                               'save_path': 'outputs/profile',
[36m(TaskRunner pid=9431)[0m                                               'tool': None,
[36m(TaskRunner pid=9431)[0m                                               'tool_config': {'npu': {'_target_': 'verl.utils.profiler.config.NPUToolConfig',
[36m(TaskRunner pid=9431)[0m                                                                       'analysis': True,
[36m(TaskRunner pid=9431)[0m                                                                       'contents': [],
[36m(TaskRunner pid=9431)[0m                                                                       'discrete': False,
[36m(TaskRunner pid=9431)[0m                                                                       'level': 'level0'},
[36m(TaskRunner pid=9431)[0m                                                               'nsys': {'_target_': 'verl.utils.profiler.config.NsightToolConfig',
[36m(TaskRunner pid=9431)[0m                                                                        'discrete': False},
[36m(TaskRunner pid=9431)[0m                                                               'precision_debugger': {'_target_': 'verl.utils.profiler.config.PrecisionDebuggerToolConfig',
[36m(TaskRunner pid=9431)[0m                                                                                      'config_path': None,
[36m(TaskRunner pid=9431)[0m                                                                                      'stages': None,
[36m(TaskRunner pid=9431)[0m                                                                                      'steps': None,
[36m(TaskRunner pid=9431)[0m                                                                                      'strict': False},
[36m(TaskRunner pid=9431)[0m                                                               'torch': {'_target_': 'verl.utils.profiler.config.TorchProfilerToolConfig',
[36m(TaskRunner pid=9431)[0m                                                                         'contents': [],
[36m(TaskRunner pid=9431)[0m                                                                         'discrete': False},
[36m(TaskRunner pid=9431)[0m                                                               'torch_memory': {'_target_': 'verl.utils.profiler.config.TorchMemoryToolConfig',
[36m(TaskRunner pid=9431)[0m                                                                                'stack_depth': 32,
[36m(TaskRunner pid=9431)[0m                                                                                'trace_alloc_max_entries': 100000}}},
[36m(TaskRunner pid=9431)[0m                                  'qat': {'activation_observer': 'static_minmax',
[36m(TaskRunner pid=9431)[0m                                          'enable': False,
[36m(TaskRunner pid=9431)[0m                                          'group_size': 16,
[36m(TaskRunner pid=9431)[0m                                          'ignore_patterns': ['lm_head',
[36m(TaskRunner pid=9431)[0m                                                              'embed_tokens',
[36m(TaskRunner pid=9431)[0m                                                              're:.*mlp.gate$'],
[36m(TaskRunner pid=9431)[0m                                          'mode': 'w4a16',
[36m(TaskRunner pid=9431)[0m                                          'quantization_config_path': None},
[36m(TaskRunner pid=9431)[0m                                  'rollout_n': 16,
[36m(TaskRunner pid=9431)[0m                                  'router_replay': {'_target_': 'verl.workers.config.RouterReplayConfig',
[36m(TaskRunner pid=9431)[0m                                                    'mode': 'disabled',
[36m(TaskRunner pid=9431)[0m                                                    'record_file': None,
[36m(TaskRunner pid=9431)[0m                                                    'replay_file': None},
[36m(TaskRunner pid=9431)[0m                                  'shuffle': False,
[36m(TaskRunner pid=9431)[0m                                  'strategy': 'fsdp',
[36m(TaskRunner pid=9431)[0m                                  'tau_neg': 1.05,
[36m(TaskRunner pid=9431)[0m                                  'tau_pos': 1.0,
[36m(TaskRunner pid=9431)[0m                                  'ulysses_sequence_parallel_size': 1,
[36m(TaskRunner pid=9431)[0m                                  'use_dynamic_bsz': True,
[36m(TaskRunner pid=9431)[0m                                  'use_fused_kernels': False,
[36m(TaskRunner pid=9431)[0m                                  'use_kl_loss': True,
[36m(TaskRunner pid=9431)[0m                                  'use_prefix_grouper': False,
[36m(TaskRunner pid=9431)[0m                                  'use_remove_padding': True,
[36m(TaskRunner pid=9431)[0m                                  'use_torch_compile': False},
[36m(TaskRunner pid=9431)[0m                        'hybrid_engine': True,
[36m(TaskRunner pid=9431)[0m                        'model': {'_target_': 'verl.workers.config.HFModelConfig',
[36m(TaskRunner pid=9431)[0m                                  'custom_chat_template': None,
[36m(TaskRunner pid=9431)[0m                                  'enable_activation_offload': False,
[36m(TaskRunner pid=9431)[0m                                  'enable_gradient_checkpointing': True,
[36m(TaskRunner pid=9431)[0m                                  'exclude_modules': None,
[36m(TaskRunner pid=9431)[0m                                  'external_lib': None,
[36m(TaskRunner pid=9431)[0m                                  'fused_kernel_options': {'impl_backend': 'torch'},
[36m(TaskRunner pid=9431)[0m                                  'hf_config_path': None,
[36m(TaskRunner pid=9431)[0m                                  'lora': {'a2a_experimental': False,
[36m(TaskRunner pid=9431)[0m                                           'adapter_path': None,
[36m(TaskRunner pid=9431)[0m                                           'alpha': 32,
[36m(TaskRunner pid=9431)[0m                                           'dropout': 0.0,
[36m(TaskRunner pid=9431)[0m                                           'dropout_position': 'pre',
[36m(TaskRunner pid=9431)[0m                                           'dtype': None,
[36m(TaskRunner pid=9431)[0m                                           'exclude_modules': [],
[36m(TaskRunner pid=9431)[0m                                           'freeze_language_model': True,
[36m(TaskRunner pid=9431)[0m                                           'freeze_vision_model': True,
[36m(TaskRunner pid=9431)[0m                                           'freeze_vision_projection': True,
[36m(TaskRunner pid=9431)[0m                                           'lora_A_init_method': 'xavier',
[36m(TaskRunner pid=9431)[0m                                           'lora_B_init_method': 'zero',
[36m(TaskRunner pid=9431)[0m                                           'merge': False,